2026-10-01 15:19:38,310 | INFO     | BioForge started
2026-10-01 15:38:20,133 | INFO     | BioForge started
2026-10-01 15:40:40,557 | INFO     | BioForge started
2026-10-01 15:40:40,558 | ERROR    | codon_table.txt line 74: bad format: 'BAD'
2026-10-01 15:40:40,558 | WARNING  | codon_table.txt line 75: duplicate codon UUU
2026-10-02 11:50:35,165 | INFO     | BioForge started
2026-10-02 11:52:50,047 | INFO     | BioForge started
2026-10-02 11:52:53,592 | INFO     | BioForge started
2026-10-02 11:55:11,601 | INFO     | BioForge started
2026-10-02 11:55:11,603 | ERROR    | Line 5: sequence before the first header
2026-10-02 11:55:11,603 | WARNING  | Line 8: duplicate ID 'seq001'
2026-10-02 11:55:11,603 | ERROR    | Line 10: invalid sequence in 'seq001': 'ATGXYZ'
2026-10-02 11:55:11,606 | ERROR    | Header without sequence: 'seq003'
2026-10-02 11:56:41,554 | INFO     | BioForge started
2026-10-02 11:56:41,555 | ERROR    | Line 5: sequence before the first header
2026-10-02 11:56:41,555 | WARNING  | Line 8: duplicate ID 'seq001'
2026-10-02 11:56:41,556 | ERROR    | Line 10: invalid sequence in 'seq001': 'ATGXYZ'
2026-10-02 11:56:41,556 | ERROR    | Header without sequence: 'seq003'
2026-10-02 11:57:27,015 | INFO     | BioForge started
2026-10-02 11:57:27,016 | ERROR    | Line 5: sequence before the first header
2026-10-02 11:57:27,016 | WARNING  | Line 8: duplicate ID 'seq001'
2026-10-02 11:57:27,016 | ERROR    | Line 10: invalid sequence in 'seq001': 'ATGXYZ'
2026-10-02 11:57:27,016 | ERROR    | Header without sequence: 'seq003'
2026-10-02 11:59:54 | INFO     | BioForge started
2026-10-02 11:59:54 | ERROR    | Line 5: sequence before the first header
2026-10-02 11:59:54 | WARNING  | Line 8: duplicate ID 'seq001'
2026-10-02 11:59:54 | ERROR    | Line 10: invalid sequence in 'seq001': 'ATGXYZ'
2026-10-02 11:59:54 | ERROR    | Header without sequence: 'seq003'
2026-10-02 12:03:44 | INFO     | BioForge started
2026-10-02 12:03:44 | ERROR    | Line 5: sequence before the first header
2026-10-02 12:03:44 | WARNING  | Line 8: duplicate ID 'seq001'
2026-10-02 12:03:44 | ERROR    | Line 10: invalid sequence in 'seq001': 'ATGXYZ'
2026-10-02 12:03:44 | ERROR    | Header without sequence: 'seq003'
2026-10-02 12:04:08 | INFO     | BioForge started
2026-10-02 12:04:08 | ERROR    | Line 5: sequence before the first header
2026-10-02 12:04:08 | WARNING  | Line 8: duplicate ID 'seq001'
2026-10-02 12:04:08 | ERROR    | Line 10: invalid sequence in 'seq001': 'ATGXYZ'
2026-10-02 12:04:08 | ERROR    | Header without sequence: 'seq003'
2026-10-02 12:04:08 | INFO     | BioForge started
2026-10-02 12:04:08 | ERROR    | Line 5: sequence before the first header
2026-10-02 12:04:08 | WARNING  | Line 8: duplicate ID 'seq001'
2026-10-02 12:04:08 | ERROR    | Line 10: invalid sequence in 'seq001': 'ATGXYZ'
2026-10-02 12:04:08 | ERROR    | Header without sequence: 'seq003'
2026-10-03 08:47:22 | INFO     | BioForge started
2026-10-03 08:47:22 | ERROR    | Line 5: sequence before the first header
2026-10-03 08:47:22 | WARNING  | Line 8: duplicate ID 'seq001'
2026-10-03 08:47:22 | ERROR    | Line 10: invalid sequence in 'seq001': 'ATGXYZ'
2026-10-03 08:47:22 | ERROR    | Header without sequence: 'seq003'
2026-10-03 08:48:56 | INFO     | BioForge started
2026-10-03 08:48:56 | ERROR    | Line 5: sequence before the first header
2026-10-03 08:48:56 | WARNING  | Line 8: duplicate ID 'seq001'
2026-10-03 08:48:56 | ERROR    | Line 10: invalid sequence in 'seq001': 'ATGXYZ'
2026-10-03 08:48:56 | ERROR    | Header without sequence: 'seq003'
2026-10-03 08:59:03 | INFO     | BioForge started
2026-10-03 09:00:29 | INFO     | BioForge started
2026-10-03 09:00:29 | ERROR    | Line 5: sequence before the first header
2026-10-03 09:00:29 | WARNING  | Line 8: duplicate ID 'seq001'
2026-10-03 09:00:29 | ERROR    | Line 10: invalid sequence in 'seq001': 'ATGXYZ'
2026-10-03 09:00:29 | ERROR    | Header without sequence: 'seq003'
2026-10-03 09:04:30 | INFO     | BioForge started
2026-10-03 09:04:30 | ERROR    | Line 5: sequence before the first header
2026-10-03 09:04:30 | WARNING  | Line 8: duplicate ID 'seq001'
2026-10-03 09:04:30 | ERROR    | Line 10: invalid sequence in 'seq001': 'ATGXYZ'
2026-10-03 09:04:30 | ERROR    | Header without sequence: 'seq003'
2026-10-03 09:04:49 | INFO     | BioForge started
2026-10-03 09:04:49 | ERROR    | Line 5: sequence before the first header
2026-10-03 09:04:49 | WARNING  | Line 8: duplicate ID 'seq001'
2026-10-03 09:04:49 | ERROR    | Line 10: invalid sequence in 'seq001': 'ATGXYZ'
2026-10-03 09:04:49 | ERROR    | Header without sequence: 'seq003'
2026-10-03 10:24:46 | INFO     | BioForge started
2026-10-03 10:24:46 | ERROR    | Line 5: sequence before the first header
2026-10-03 10:24:46 | WARNING  | Line 8: duplicate ID 'seq001'
2026-10-03 10:24:46 | ERROR    | Line 10: invalid sequence in 'seq001': 'ATGXYZ'
2026-10-03 10:24:46 | ERROR    | Header without sequence: 'seq003'
2026-10-03 10:35:26 | INFO     | BioForge started
2026-10-03 10:35:26 | ERROR    | Line 5: sequence before the first header
2026-10-03 10:35:26 | WARNING  | Line 8: duplicate ID 'seq001'
2026-10-03 10:35:26 | ERROR    | Line 10: invalid sequence in 'seq001': 'ATGXYZ'
2026-10-03 10:35:26 | ERROR    | Header without sequence: 'seq003'
2026-10-03 10:50:09 | INFO     | BioForge started
2026-10-03 10:50:44 | INFO     | BioForge started
2026-10-03 10:51:31 | INFO     | BioForge started
2026-10-03 10:52:28 | INFO     | BioForge started
2026-10-03 10:52:28 | WARNING  | Ignored line: not a header neither a sequence: # یک فایل تست
2026-10-03 10:52:28 | WARNING  | Ignored line: not a header neither a sequence: # هر رکورد با> در اول خط شروع میشود
2026-10-03 10:52:28 | WARNING  | Ignored line: not a header neither a sequence: # تستت
2026-10-03 10:52:28 | ERROR    | sequence found before first header line E:\Python Learning\Quera BootCamp\BioForge-2\input\sample.fasta
2026-10-03 10:53:30 | INFO     | BioForge started
2026-10-03 10:53:30 | WARNING  | Ignored line: not a header neither a sequence: # یک فایل تست
2026-10-03 10:53:30 | WARNING  | Ignored line: not a header neither a sequence: # هر رکورد با> در اول خط شروع میشود
2026-10-03 10:53:30 | WARNING  | Ignored line: not a header neither a sequence: # تستت
2026-10-03 10:53:30 | ERROR    | sequence found before first header line E:\Python Learning\Quera BootCamp\BioForge-2\input\sample.fasta
2026-10-03 10:53:59 | INFO     | BioForge started
2026-10-03 10:53:59 | WARNING  | Ignored line: not a header neither a sequence: # یک فایل تست
2026-10-03 10:53:59 | WARNING  | Ignored line: not a header neither a sequence: # هر رکورد با> در اول خط شروع میشود
2026-10-03 10:53:59 | WARNING  | Ignored line: not a header neither a sequence: # تستت
2026-10-03 10:53:59 | ERROR    | sequence found before first header line E:\Python Learning\Quera BootCamp\BioForge-2\input\sample.fasta
2026-10-03 10:57:59 | INFO     | BioForge started
2026-10-03 10:57:59 | WARNING  | Ignored line: not a header neither a sequence: # یک فایل تست
2026-10-03 10:57:59 | WARNING  | Ignored line: not a header neither a sequence: # هر رکورد با> در اول خط شروع میشود
2026-10-03 10:57:59 | WARNING  | Ignored line: not a header neither a sequence: # تستت
2026-10-03 10:57:59 | ERROR    | sequence found before first header line E:\Python Learning\Quera BootCamp\BioForge-2\input\sample.fasta
2026-10-03 11:01:40 | INFO     | BioForge started
2026-10-03 11:01:40 | WARNING  | Ignored line: not a header neither a sequence: # یک فایل تست
2026-10-03 11:01:40 | WARNING  | Ignored line: not a header neither a sequence: # هر رکورد با> در اول خط شروع میشود
2026-10-03 11:01:40 | WARNING  | Ignored line: not a header neither a sequence: # تستت
2026-10-03 11:01:40 | ERROR    | sequence found before first header line E:\Python Learning\Quera BootCamp\BioForge-2\input\sample.fasta
2026-10-03 11:02:38 | INFO     | BioForge started
2026-10-03 11:02:38 | WARNING  | Ignored line: not a header neither a sequence: # یک فایل تست
2026-10-03 11:02:38 | WARNING  | Ignored line: not a header neither a sequence: # هر رکورد با> در اول خط شروع میشود
2026-10-03 11:02:38 | WARNING  | Ignored line: not a header neither a sequence: # تستت
2026-10-03 11:02:38 | WARNING  | Ignored line: not a header neither a sequence: # ATGC
2026-10-03 11:02:38 | INFO     | Sequence found: 
 id : seq001 
 header : organism=E_coli sample=A
2026-10-03 11:02:38 | WARNING  | duplicated sequence ID found in FASTA file: seq001
2026-10-03 11:02:38 | WARNING  | Ignored line: not a header neither a sequence: ATGXYZ
2026-10-03 11:02:38 | INFO     | Sequence found: 
 id : seq003 
 header : no sequence here
2026-10-03 11:02:38 | WARNING  | header without sequence found: seq003
2026-10-03 11:02:38 | INFO     | Sequence found: 
 id : seq004 
 header : 
2026-10-03 11:29:11 | INFO     | BioForge started
2026-10-03 11:29:11 | ERROR    | Invalid sequence: # یک فایل تست
2026-10-03 11:30:29 | INFO     | BioForge started
2026-10-03 11:30:29 | ERROR    | Invalid sequence: # یک فایل تست
2026-10-03 11:31:06 | INFO     | BioForge started
2026-10-03 11:31:06 | ERROR    | Invalid sequence: # یک فایل تست
2026-10-03 11:33:49 | INFO     | BioForge started
2026-10-03 11:33:49 | ERROR    | Invalid sequence: # یک فایل تست
2026-10-03 11:36:06 | INFO     | BioForge started
2026-10-03 11:36:06 | INFO     | Sequence found: 
 id : seq001 
 header : organism=E_coli sample=A
2026-10-03 11:36:06 | WARNING  | duplicated sequence ID found in FASTA file: seq001
2026-10-03 11:36:06 | INFO     | Sequence found: 
 id : seq004 
 header : 
2026-10-03 11:56:07 | INFO     | BioForge started
2026-10-03 11:56:07 | INFO     | Sequence found: 
 id : seq001 
 header : organism=E_coli sample=A
2026-10-03 11:56:07 | WARNING  | duplicated sequence ID found in FASTA file: seq001
2026-10-03 11:56:07 | INFO     | Sequence found: 
 id : seq004 
 header : 
2026-10-03 12:00:35 | INFO     | BioForge started
2026-10-03 12:00:35 | INFO     | Sequence found: 
 id : seq001 
 header : organism=E_coli sample=A
2026-10-03 12:00:35 | WARNING  | duplicated sequence ID found in FASTA file: seq001
2026-10-03 12:00:35 | INFO     | Sequence found: 
 id : seq004 
 header : 
2026-10-03 12:37:26 | INFO     | BioForge started
2026-10-03 12:37:26 | INFO     | Sequence found: 
 id : seq001 
 header : organism=E_coli sample=A
2026-10-03 12:37:26 | WARNING  | duplicated sequence ID found in FASTA file: seq001
2026-10-03 12:37:26 | INFO     | Sequence found: 
 id : seq004 
 header : 
2026-10-03 12:38:12 | INFO     | BioForge started
2026-10-03 12:38:12 | INFO     | Sequence found: 
 id : seq001 
 header : organism=E_coli sample=A
2026-10-03 12:38:12 | WARNING  | duplicated sequence ID found in FASTA file: seq001
2026-10-03 12:38:12 | INFO     | Sequence found: 
 id : seq004 
 header : 
2026-10-03 12:39:12 | INFO     | BioForge started
2026-10-03 12:39:12 | INFO     | Sequence found: 
 id : seq001 
 header : organism=E_coli sample=A
2026-10-03 12:39:12 | WARNING  | duplicated sequence ID found in FASTA file: seq001
2026-10-03 12:39:12 | INFO     | Sequence found: 
 id : seq004 
 header : 
2026-10-03 12:39:31 | INFO     | BioForge started
2026-10-03 12:39:31 | INFO     | Sequence found: 
 id : seq001 
 header : organism=E_coli sample=A
2026-10-03 12:39:31 | WARNING  | duplicated sequence ID found in FASTA file: seq001
2026-10-03 12:39:31 | INFO     | Sequence found: 
 id : seq004 
 header : 
2026-10-03 12:41:36 | INFO     | BioForge started
2026-10-03 12:41:36 | INFO     | Sequence found: 
 id : seq001 
 header : organism=E_coli sample=A
2026-10-03 12:41:36 | WARNING  | duplicated sequence ID found in FASTA file: seq001
2026-10-03 12:41:36 | INFO     | Sequence found: 
 id : seq004 
 header : 
2026-10-03 12:42:31 | INFO     | BioForge started
2026-10-03 12:42:31 | INFO     | Sequence found: 
 id : seq001 
 header : organism=E_coli sample=A
2026-10-03 12:42:31 | WARNING  | duplicated sequence ID found in FASTA file: seq001
2026-10-03 12:42:31 | INFO     | Sequence found: 
 id : seq004 
 header : 
2026-10-03 12:43:35 | INFO     | BioForge started
2026-10-03 12:43:35 | INFO     | Sequence found: 
 id : seq001 
 header : organism=E_coli sample=A
2026-10-03 12:43:35 | WARNING  | duplicated sequence ID found in FASTA file: seq001
2026-10-03 12:43:35 | INFO     | Sequence found: 
 id : seq004 
 header : 
2026-10-03 12:44:07 | INFO     | BioForge started
2026-10-03 12:44:07 | INFO     | Sequence found: 
 id : seq001 
 header : organism=E_coli sample=A
2026-10-03 12:44:07 | WARNING  | duplicated sequence ID found in FASTA file: seq001
2026-10-03 12:44:07 | INFO     | Sequence found: 
 id : seq004 
 header : 
2026-10-03 13:06:51 | INFO     | BioForge started
2026-10-03 13:06:51 | INFO     | Sequence found: 
 id : seq001 
 header : organism=E_coli sample=A
2026-10-03 13:06:51 | WARNING  | duplicated sequence ID found in FASTA file: seq001
2026-10-03 13:06:51 | INFO     | Sequence found: 
 id : seq004 
 header : 
2026-10-03 13:07:41 | INFO     | BioForge started
2026-10-03 13:07:41 | INFO     | Sequence found: 
 id : seq001 
 header : organism=E_coli sample=A
2026-10-03 13:07:41 | WARNING  | duplicated sequence ID found in FASTA file: seq001
2026-10-03 13:07:41 | INFO     | Sequence found: 
 id : seq004 
 header : 
2026-10-03 13:08:20 | INFO     | BioForge started
2026-10-03 13:08:20 | INFO     | Sequence found: 
 id : seq001 
 header : organism=E_coli sample=A
2026-10-03 13:08:20 | WARNING  | duplicated sequence ID found in FASTA file: seq001
2026-10-03 13:08:20 | INFO     | Sequence found: 
 id : seq004 
 header : 
2026-10-03 13:09:52 | INFO     | BioForge started
2026-10-03 13:09:52 | INFO     | Sequence found: 
 id : seq001 
 header : organism=E_coli sample=A
2026-10-03 13:09:52 | WARNING  | duplicated sequence ID found in FASTA file: seq001
2026-10-03 13:09:52 | INFO     | Sequence found: 
 id : seq004 
 header : 
2026-10-03 13:12:26 | INFO     | BioForge started
2026-10-03 13:12:26 | INFO     | Sequence found: 
 id : seq001 
 header : organism=E_coli sample=A
2026-10-03 13:12:26 | WARNING  | duplicated sequence ID found in FASTA file: seq001
2026-10-03 13:12:26 | INFO     | Sequence found: 
 id : seq004 
 header : 
2026-10-03 13:47:38 | INFO     | BioForge started
2026-10-03 13:47:38 | INFO     | Sequence found: 
 id : seq001 
 header : organism=E_coli sample=A
2026-10-03 13:47:38 | WARNING  | duplicated sequence ID found in FASTA file: seq001
2026-10-03 13:47:38 | INFO     | Sequence found: 
 id : seq004 
 header : 
2026-10-03 13:48:24 | INFO     | BioForge started
2026-10-03 13:48:24 | INFO     | Sequence found: 
 id : seq001 
 header : organism=E_coli sample=A
2026-10-03 13:48:24 | WARNING  | duplicated sequence ID found in FASTA file: seq001
2026-10-03 13:48:24 | INFO     | Sequence found: 
 id : seq004 
 header : 
2026-10-03 13:48:44 | INFO     | BioForge started
2026-10-03 13:48:44 | INFO     | Sequence found: 
 id : seq001 
 header : organism=E_coli sample=A
2026-10-03 13:48:44 | WARNING  | duplicated sequence ID found in FASTA file: seq001
2026-10-03 13:48:44 | INFO     | Sequence found: 
 id : seq004 
 header : 
2026-10-03 13:49:07 | INFO     | BioForge started
2026-10-03 13:49:07 | INFO     | Sequence found: 
 id : seq001 
 header : organism=E_coli sample=A
2026-10-03 13:49:07 | WARNING  | duplicated sequence ID found in FASTA file: seq001
2026-10-03 13:49:07 | INFO     | Sequence found: 
 id : seq004 
 header : 
2026-10-03 13:49:30 | INFO     | BioForge started
2026-10-03 13:49:30 | INFO     | Sequence found: 
 id : seq001 
 header : organism=E_coli sample=A
2026-10-03 13:49:30 | WARNING  | duplicated sequence ID found in FASTA file: seq001
2026-10-03 13:49:30 | INFO     | Sequence found: 
 id : seq004 
 header : 
2026-10-03 15:33:05 | INFO     | BioForge started
2026-10-03 15:33:05 | INFO     | Sequence found: 
 id : seq001 
 header : organism=E_coli sample=A
2026-10-03 15:33:05 | WARNING  | duplicated sequence ID found in FASTA file: seq001
2026-10-03 15:33:05 | INFO     | Sequence found: 
 id : seq004 
 header : 
2026-10-03 15:34:01 | INFO     | BioForge started
2026-10-03 15:34:01 | INFO     | Sequence found: 
 id : seq001 
 header : organism=E_coli sample=A
2026-10-03 15:34:01 | WARNING  | duplicated sequence ID found in FASTA file: seq001
2026-10-03 15:34:01 | INFO     | Sequence found: 
 id : seq004 
 header : 
2026-10-03 15:34:55 | INFO     | BioForge started
2026-10-03 15:34:55 | INFO     | Sequence found: 
 id : seq001 
 header : organism=E_coli sample=A
2026-10-03 15:34:55 | WARNING  | duplicated sequence ID found in FASTA file: seq001
2026-10-03 15:34:55 | INFO     | Sequence found: 
 id : seq004 
 header : 
2026-10-03 15:35:41 | INFO     | BioForge started
2026-10-03 15:35:41 | INFO     | Sequence found: 
 id : seq001 
 header : organism=E_coli sample=A
2026-10-03 15:35:41 | WARNING  | duplicated sequence ID found in FASTA file: seq001
2026-10-03 15:35:41 | INFO     | Sequence found: 
 id : seq004 
 header : 
2026-10-03 15:45:56 | INFO     | BioForge started
2026-10-03 15:45:56 | INFO     | Sequence found: 
 id : seq001 
 header : organism=E_coli sample=A
2026-10-03 15:45:56 | WARNING  | duplicated sequence ID found in FASTA file: seq001
2026-10-03 15:45:56 | INFO     | Sequence found: 
 id : seq004 
 header : 
2026-10-03 15:47:42 | INFO     | BioForge started
2026-10-03 15:47:42 | INFO     | Sequence found: 
 id : seq001 
 header : organism=E_coli sample=A
2026-10-03 15:47:42 | WARNING  | duplicated sequence ID found in FASTA file: seq001
2026-10-03 15:47:42 | INFO     | Sequence found: 
 id : seq004 
 header : 
2026-10-03 15:48:15 | INFO     | BioForge started
2026-10-03 15:48:15 | INFO     | Sequence found: 
 id : seq001 
 header : organism=E_coli sample=A
2026-10-03 15:48:15 | WARNING  | duplicated sequence ID found in FASTA file: seq001
2026-10-03 15:48:15 | INFO     | Sequence found: 
 id : seq004 
 header : 
2026-10-03 15:49:11 | INFO     | BioForge started
2026-10-03 15:49:11 | INFO     | Sequence found: 
 id : seq001 
 header : organism=E_coli sample=A
2026-10-03 15:49:11 | WARNING  | duplicated sequence ID found in FASTA file: seq001
2026-10-03 15:49:11 | INFO     | Sequence found: 
 id : seq004 
 header : 
2026-10-03 15:49:35 | INFO     | BioForge started
2026-10-03 15:49:35 | INFO     | Sequence found: 
 id : seq001 
 header : organism=E_coli sample=A
2026-10-03 15:49:35 | WARNING  | duplicated sequence ID found in FASTA file: seq001
2026-10-03 15:49:35 | INFO     | Sequence found: 
 id : seq004 
 header : 
2026-10-03 15:53:05 | INFO     | BioForge started
2026-10-03 15:53:05 | INFO     | Sequence found: 
 id : seq001 
 header : organism=E_coli sample=A
2026-10-03 15:53:05 | WARNING  | duplicated sequence ID found in FASTA file: seq001
2026-10-03 15:53:05 | INFO     | Sequence found: 
 id : seq004 
 header : 
2026-10-03 15:53:28 | INFO     | BioForge started
2026-10-03 15:53:28 | INFO     | Sequence found: 
 id : seq001 
 header : organism=E_coli sample=A
2026-10-03 15:53:28 | WARNING  | duplicated sequence ID found in FASTA file: seq001
2026-10-03 15:53:28 | INFO     | Sequence found: 
 id : seq004 
 header : 
2026-10-03 15:54:40 | INFO     | BioForge started
2026-10-03 15:54:40 | INFO     | Sequence found: 
 id : seq001 
 header : organism=E_coli sample=A
2026-10-03 15:54:40 | WARNING  | duplicated sequence ID found in FASTA file: seq001
2026-10-03 15:54:40 | INFO     | Sequence found: 
 id : seq004 
 header : 
2026-10-03 15:55:01 | INFO     | BioForge started
2026-10-03 15:55:01 | INFO     | Sequence found: 
 id : seq001 
 header : organism=E_coli sample=A
2026-10-03 15:55:01 | WARNING  | duplicated sequence ID found in FASTA file: seq001
2026-10-03 15:55:01 | INFO     | Sequence found: 
 id : seq004 
 header : 
2026-10-03 15:56:03 | INFO     | BioForge started
2026-10-03 15:56:03 | INFO     | Sequence found: 
 id : seq001 
 header : organism=E_coli sample=A
2026-10-03 15:56:03 | WARNING  | duplicated sequence ID found in FASTA file: seq001
2026-10-03 15:56:03 | INFO     | Sequence found: 
 id : seq004 
 header : 
2026-10-03 15:58:03 | INFO     | BioForge started
2026-10-03 15:58:03 | INFO     | Sequence found: 
 id : seq001 
 header : organism=E_coli sample=A
2026-10-03 15:58:03 | WARNING  | duplicated sequence ID found in FASTA file: seq001
2026-10-03 15:58:03 | INFO     | Sequence found: 
 id : seq004 
 header : 
2026-10-03 16:01:00 | INFO     | BioForge started
2026-10-03 16:01:00 | INFO     | Sequence found: 
 id : seq001 
 header : organism=E_coli sample=A
2026-10-03 16:01:00 | INFO     | Sequence found: 
 id : seq002 
 header : organism=Human sample=B
2026-10-03 16:01:00 | INFO     | Sequence found: 
 id : seq003 
 header : organism=Human sample=B
2026-10-03 16:01:00 | INFO     | Sequence found: 
 id : seq004 
 header : organism=Human sample=B
2026-10-03 16:01:00 | INFO     | Sequence found: 
 id : seq005 
 header : organism=Human sample=B
2026-10-03 16:01:00 | ERROR    | Invalid sequence: ATGAUGGCCTAA
2026-10-03 16:02:03 | INFO     | BioForge started
2026-10-03 16:02:03 | INFO     | Sequence found: 
 id : seq001 
 header : organism=E_coli sample=A
2026-10-03 16:02:03 | INFO     | Sequence found: 
 id : seq002 
 header : organism=Human sample=B
2026-10-03 16:02:03 | INFO     | Sequence found: 
 id : seq003 
 header : organism=Human sample=B
2026-10-03 16:02:03 | INFO     | Sequence found: 
 id : seq004 
 header : organism=Human sample=B
2026-10-03 16:02:03 | INFO     | Sequence found: 
 id : seq005 
 header : organism=Human sample=B
2026-10-03 16:06:13 | INFO     | BioForge started
2026-10-03 16:06:13 | INFO     | Sequence found: 
 id : seq001 
 header : organism=E_coli sample=A
2026-10-03 16:06:13 | INFO     | Sequence found: 
 id : seq002 
 header : organism=Human sample=B
2026-10-03 16:06:13 | INFO     | Sequence found: 
 id : seq003 
 header : organism=Human sample=B
2026-10-03 16:06:13 | INFO     | Sequence found: 
 id : seq004 
 header : organism=Human sample=B
2026-10-03 16:06:13 | INFO     | Sequence found: 
 id : seq005 
 header : organism=Human sample=B
2026-10-03 16:09:10 | INFO     | BioForge started
2026-10-03 16:09:10 | INFO     | Sequence found: 
 id : seq001 
 header : organism=E_coli sample=A
2026-10-03 16:09:10 | INFO     | Sequence found: 
 id : seq002 
 header : organism=Human sample=B
2026-10-03 16:09:10 | INFO     | Sequence found: 
 id : seq003 
 header : organism=Human sample=B
2026-10-03 16:09:10 | INFO     | Sequence found: 
 id : seq004 
 header : organism=Human sample=B
2026-10-03 16:09:10 | INFO     | Sequence found: 
 id : seq005 
 header : organism=Human sample=B
2026-10-03 16:11:13 | INFO     | BioForge started
2026-10-03 16:11:13 | INFO     | Sequence found: 
 id : seq001 
 header : organism=E_coli sample=A
2026-10-03 16:12:58 | INFO     | BioForge started
2026-10-03 16:12:58 | INFO     | Sequence found: 
 id : seq001 
 header : organism=E_coli sample=A
2026-10-03 16:13:11 | INFO     | BioForge started
2026-10-03 16:13:11 | INFO     | Sequence found: 
 id : seq001 
 header : organism=E_coli sample=A
2026-10-03 16:15:38 | INFO     | BioForge started
2026-10-03 16:15:38 | INFO     | Sequence found: 
 id : seq001 
 header : organism=E_coli sample=A
2026-10-03 16:16:15 | INFO     | BioForge started
2026-10-03 16:16:15 | INFO     | Sequence found: 
 id : seq001 
 header : organism=E_coli sample=A
2026-10-03 16:19:20 | INFO     | BioForge started
2026-10-03 16:19:20 | INFO     | Sequence found: 
 id : seq001 
 header : organism=E_coli sample=A
2026-10-03 16:19:20 | INFO     | Sequence found: 
 id : seq002 
 header : organism=Human sample=B
2026-10-03 16:23:03 | INFO     | BioForge started
2026-10-03 16:23:03 | INFO     | Sequence found: 
 id : seq001 
 header : organism=E_coli sample=A
2026-10-03 16:23:03 | INFO     | Sequence found: 
 id : seq002 
 header : organism=Human sample=B
2026-10-03 16:24:31 | INFO     | BioForge started
2026-10-03 16:24:31 | INFO     | Sequence found: 
 id : seq001 
 header : organism=E_coli sample=A
2026-10-03 16:25:34 | INFO     | BioForge started
2026-10-03 16:25:34 | INFO     | Sequence found: 
 id : seq001 
 header : organism=E_coli sample=A
2026-10-03 16:27:57 | INFO     | BioForge started
2026-10-03 16:27:57 | INFO     | Sequence found: 
 id : seq001 
 header : organism=E_coli sample=A
2026-10-03 16:28:17 | INFO     | BioForge started
2026-10-03 16:28:17 | INFO     | Sequence found: 
 id : seq001 
 header : organism=E_coli sample=A
2026-10-03 16:28:17 | INFO     | Sequence found: 
 id : seq002 
 header : organism=Human sample=B
2026-10-03 16:29:14 | INFO     | BioForge started
2026-10-03 16:29:14 | INFO     | Sequence found: 
 id : seq001 
 header : organism=E_coli sample=A
2026-10-03 16:29:14 | INFO     | Sequence found: 
 id : seq002 
 header : organism=Human sample=B
2026-10-03 16:29:14 | INFO     | Sequence found: 
 id : seq003 
 header : organism=Human sample=B
2026-10-03 16:37:41 | INFO     | BioForge started
2026-10-03 16:37:41 | INFO     | Sequence found: 
 id : seq001 
 header : organism=E_coli sample=A
2026-10-03 16:37:41 | INFO     | Sequence found: 
 id : seq002 
 header : organism=Human sample=B
2026-10-03 16:37:41 | INFO     | Sequence found: 
 id : seq003 
 header : organism=Human sample=B
2026-10-03 16:50:11 | INFO     | BioForge started
2026-10-03 16:50:11 | INFO     | Sequence found: 
 id : seq001 
 header : organism=E_coli sample=A
2026-10-03 16:50:11 | INFO     | Sequence found: 
 id : seq002 
 header : organism=Human sample=B
2026-10-03 16:50:11 | INFO     | Sequence found: 
 id : seq003 
 header : organism=Human sample=B
2026-10-03 16:52:31 | INFO     | BioForge started
2026-10-03 16:52:31 | INFO     | Sequence found: 
 id : seq001 
 header : organism=E_coli sample=A
2026-10-03 16:52:31 | INFO     | Sequence found: 
 id : seq002 
 header : organism=Human sample=B
2026-10-03 16:52:31 | INFO     | Sequence found: 
 id : seq003 
 header : organism=Human sample=B
2026-10-03 16:58:31 | INFO     | BioForge started
2026-10-03 16:58:31 | INFO     | Sequence found: 
 id : seq001 
 header : organism=E_coli sample=A
2026-10-03 16:58:31 | INFO     | Sequence found: 
 id : seq002 
 header : organism=Human sample=B
2026-10-03 16:58:31 | INFO     | Sequence found: 
 id : seq003 
 header : organism=Human sample=B
2026-10-03 17:00:19 | INFO     | BioForge started
2026-10-03 17:00:19 | INFO     | Sequence found: 
 id : seq001 
 header : organism=E_coli sample=A
2026-10-03 17:00:19 | INFO     | Sequence found: 
 id : seq002 
 header : organism=Human sample=B
2026-10-03 17:00:19 | INFO     | Sequence found: 
 id : seq003 
 header : organism=Human sample=B
2026-10-03 17:02:06 | INFO     | BioForge started
2026-10-03 17:02:06 | INFO     | Sequence found: 
 id : seq001 
 header : organism=E_coli sample=A
2026-10-03 17:02:06 | INFO     | Sequence found: 
 id : seq002 
 header : organism=Human sample=B
2026-10-03 17:02:06 | INFO     | Sequence found: 
 id : seq003 
 header : organism=Human sample=B
2026-10-03 17:02:40 | INFO     | BioForge started
2026-10-03 17:02:40 | INFO     | Sequence found: 
 id : seq001 
 header : organism=E_coli sample=A
2026-10-03 17:02:40 | INFO     | Sequence found: 
 id : seq002 
 header : organism=Human sample=B
2026-10-03 17:02:40 | INFO     | Sequence found: 
 id : seq003 
 header : organism=Human sample=B
2026-10-03 17:08:27 | INFO     | BioForge started
2026-10-03 17:08:27 | INFO     | Sequence found: 
 id : seq001 
 header : organism=E_coli sample=A
2026-10-03 17:08:27 | INFO     | Sequence found: 
 id : seq002 
 header : organism=Human sample=B
2026-10-03 17:08:27 | INFO     | Sequence found: 
 id : seq003 
 header : organism=Human sample=B
2026-10-03 17:10:01 | INFO     | BioForge started
2026-10-03 17:10:01 | INFO     | Sequence found: 
 id : seq001 
 header : organism=E_coli sample=A
2026-10-03 17:10:01 | INFO     | Sequence found: 
 id : seq002 
 header : organism=Human sample=B
2026-10-03 17:10:01 | INFO     | Sequence found: 
 id : seq003 
 header : organism=Human sample=B
2026-10-03 17:10:47 | INFO     | BioForge started
2026-10-03 17:10:47 | INFO     | Sequence found: 
 id : seq001 
 header : organism=E_coli sample=A
2026-10-03 17:10:47 | INFO     | Sequence found: 
 id : seq002 
 header : organism=Human sample=B
2026-10-03 17:10:47 | INFO     | Sequence found: 
 id : seq003 
 header : organism=Human sample=B
2026-10-03 17:21:05 | INFO     | BioForge started
2026-10-03 17:21:05 | INFO     | Sequence found: 
 id : seq001 
 header : organism=E_coli sample=A
2026-10-03 17:21:05 | INFO     | Sequence found: 
 id : seq002 
 header : organism=Human sample=B
2026-10-03 17:21:05 | INFO     | Sequence found: 
 id : seq003 
 header : organism=Human sample=B
2026-10-03 17:21:53 | INFO     | BioForge started
2026-10-03 17:21:53 | INFO     | Sequence found: 
 id : seq001 
 header : organism=E_coli sample=A
2026-10-03 17:21:53 | INFO     | Sequence found: 
 id : seq002 
 header : organism=Human sample=B
2026-10-03 17:21:53 | INFO     | Sequence found: 
 id : seq003 
 header : organism=Human sample=B
2026-10-03 17:22:27 | INFO     | BioForge started
2026-10-03 17:22:27 | INFO     | Sequence found: 
 id : seq001 
 header : organism=E_coli sample=A
2026-10-03 17:22:27 | INFO     | Sequence found: 
 id : seq002 
 header : organism=Human sample=B
2026-10-03 17:22:27 | INFO     | Sequence found: 
 id : seq003 
 header : organism=Human sample=B
2026-10-03 17:29:32 | INFO     | BioForge started
2026-10-03 17:29:32 | INFO     | Sequence found: 
 id : seq001 
 header : organism=E_coli sample=A
2026-10-03 17:29:32 | INFO     | Sequence found: 
 id : seq002 
 header : organism=Human sample=B
2026-10-03 17:29:32 | INFO     | Sequence found: 
 id : seq003 
 header : organism=Human sample=B
2026-10-03 17:31:43 | INFO     | BioForge started
2026-10-03 17:31:43 | INFO     | Sequence found: 
 id : seq001 
 header : organism=E_coli sample=A
2026-10-03 17:31:43 | INFO     | Sequence found: 
 id : seq002 
 header : organism=Human sample=B
2026-10-03 17:31:43 | INFO     | Sequence found: 
 id : seq003 
 header : organism=Human sample=B
2026-10-03 17:32:43 | INFO     | BioForge started
2026-10-03 17:32:43 | INFO     | Sequence found: 
 id : seq001 
 header : organism=E_coli sample=A
2026-10-03 17:32:43 | INFO     | Sequence found: 
 id : seq002 
 header : organism=Human sample=B
2026-10-03 17:32:43 | INFO     | Sequence found: 
 id : seq003 
 header : organism=Human sample=B
2026-10-03 17:49:37 | INFO     | BioForge started
2026-10-03 17:49:37 | INFO     | Sequence found: 
 id : seq001 
 header : organism=E_coli sample=A
2026-10-03 17:49:37 | INFO     | Sequence found: 
 id : seq002 
 header : organism=Human sample=B
2026-10-03 17:49:37 | INFO     | Sequence found: 
 id : seq003 
 header : organism=Human sample=B
2026-10-03 17:50:13 | INFO     | BioForge started
2026-10-03 17:50:13 | INFO     | Sequence found: 
 id : seq001 
 header : organism=E_coli sample=A
2026-10-03 17:50:13 | INFO     | Sequence found: 
 id : seq002 
 header : organism=Human sample=B
2026-10-03 17:50:13 | INFO     | Sequence found: 
 id : seq003 
 header : organism=Human sample=B
2026-10-03 17:51:13 | INFO     | BioForge started
2026-10-03 17:51:13 | INFO     | Sequence found: 
 id : seq001 
 header : organism=E_coli sample=A
2026-10-03 17:51:13 | INFO     | Sequence found: 
 id : seq002 
 header : organism=Human sample=B
2026-10-03 17:51:13 | INFO     | Sequence found: 
 id : seq003 
 header : organism=Human sample=B
2026-10-03 17:51:47 | INFO     | BioForge started
2026-10-03 17:51:47 | INFO     | Sequence found: 
 id : seq001 
 header : organism=E_coli sample=A
2026-10-03 17:51:47 | INFO     | Sequence found: 
 id : seq002 
 header : organism=Human sample=B
2026-10-03 17:51:47 | INFO     | Sequence found: 
 id : seq003 
 header : organism=Human sample=B
2026-10-03 17:52:08 | INFO     | BioForge started
2026-10-03 17:52:08 | INFO     | Sequence found: 
 id : seq001 
 header : organism=E_coli sample=A
2026-10-03 17:52:08 | INFO     | Sequence found: 
 id : seq002 
 header : organism=Human sample=B
2026-10-03 17:52:08 | INFO     | Sequence found: 
 id : seq003 
 header : organism=Human sample=B
2026-10-03 17:54:01 | INFO     | BioForge started
2026-10-03 17:54:01 | INFO     | Sequence found: 
 id : seq001 
 header : organism=E_coli sample=A
2026-10-03 17:54:01 | INFO     | Sequence found: 
 id : seq002 
 header : organism=Human sample=B
2026-10-03 17:54:01 | INFO     | Sequence found: 
 id : seq003 
 header : organism=Human sample=B
2026-10-03 17:54:23 | INFO     | BioForge started
2026-10-03 17:54:23 | INFO     | Sequence found: 
 id : seq001 
 header : organism=E_coli sample=A
2026-10-03 17:54:23 | INFO     | Sequence found: 
 id : seq002 
 header : organism=Human sample=B
2026-10-03 17:54:23 | INFO     | Sequence found: 
 id : seq003 
 header : organism=Human sample=B
2026-10-03 17:54:35 | INFO     | BioForge started
2026-10-03 17:54:35 | INFO     | Sequence found: 
 id : seq001 
 header : organism=E_coli sample=A
2026-10-03 17:54:35 | INFO     | Sequence found: 
 id : seq002 
 header : organism=Human sample=B
2026-10-03 17:54:35 | INFO     | Sequence found: 
 id : seq003 
 header : organism=Human sample=B
2026-10-03 17:55:47 | INFO     | BioForge started
2026-10-03 17:55:47 | INFO     | Sequence found: 
 id : seq001 
 header : organism=E_coli sample=A
2026-10-03 17:55:47 | INFO     | Sequence found: 
 id : seq002 
 header : organism=Human sample=B
2026-10-03 17:55:47 | INFO     | Sequence found: 
 id : seq003 
 header : organism=Human sample=B
2026-10-03 18:01:03 | INFO     | BioForge started
2026-10-03 18:01:03 | INFO     | Sequence found: 
 id : seq001 
 header : organism=E_coli sample=A
2026-10-03 18:01:03 | INFO     | Sequence found: 
 id : seq002 
 header : organism=Human sample=B
2026-10-03 18:01:03 | INFO     | Sequence found: 
 id : seq003 
 header : organism=Human sample=B
2026-10-03 18:19:09 | INFO     | BioForge started
2026-10-03 18:19:09 | INFO     | Sequence found: 
 id : seq001 
 header : organism=E_coli sample=A
2026-10-03 18:19:09 | INFO     | Sequence found: 
 id : seq002 
 header : organism=Human sample=B
2026-10-03 18:19:09 | INFO     | Sequence found: 
 id : seq003 
 header : organism=Human sample=B
2026-10-03 18:26:09 | INFO     | BioForge started
2026-10-03 18:26:09 | INFO     | Sequence found: 
 id : seq001 
 header : organism=E_coli sample=A
2026-10-03 18:26:09 | INFO     | Sequence found: 
 id : seq002 
 header : organism=Human sample=B
2026-10-03 18:26:09 | INFO     | Sequence found: 
 id : seq003 
 header : organism=Human sample=B
2026-10-03 20:24:44 | INFO     | BioForge started
2026-10-03 20:24:44 | INFO     | Sequence found: 
 id : seq001 
 header : organism=E_coli sample=A
2026-10-03 20:24:44 | INFO     | Sequence found: 
 id : seq002 
 header : organism=Human sample=B
2026-10-03 20:24:44 | INFO     | Sequence found: 
 id : seq003 
 header : organism=Human sample=B
2026-10-03 20:25:00 | INFO     | BioForge started
2026-10-03 20:25:00 | INFO     | Sequence found: 
 id : seq001 
 header : organism=E_coli sample=A
2026-10-03 20:25:00 | INFO     | Sequence found: 
 id : seq002 
 header : organism=Human sample=B
2026-10-03 20:25:00 | INFO     | Sequence found: 
 id : seq003 
 header : organism=Human sample=B
2026-10-03 20:27:58 | INFO     | BioForge started
2026-10-03 20:27:58 | INFO     | Sequence found: 
 id : seq001 
 header : organism=E_coli sample=A
2026-10-03 20:27:58 | INFO     | Sequence found: 
 id : seq002 
 header : organism=Human sample=B
2026-10-03 20:27:58 | INFO     | Sequence found: 
 id : seq003 
 header : organism=Human sample=B
2026-10-03 20:28:23 | INFO     | BioForge started
2026-10-03 20:28:23 | INFO     | Sequence found: 
 id : seq001 
 header : organism=E_coli sample=A
2026-10-03 20:28:23 | INFO     | Sequence found: 
 id : seq002 
 header : organism=Human sample=B
2026-10-03 20:28:23 | INFO     | Sequence found: 
 id : seq003 
 header : organism=Human sample=B
2026-10-03 20:29:55 | INFO     | BioForge started
2026-10-03 20:29:55 | INFO     | Sequence found: 
 id : seq001 
 header : organism=E_coli sample=A
2026-10-03 20:29:55 | INFO     | Sequence found: 
 id : seq002 
 header : organism=Human sample=B
2026-10-03 20:29:55 | INFO     | Sequence found: 
 id : seq003 
 header : organism=Human sample=B
2026-10-03 20:30:16 | INFO     | BioForge started
2026-10-03 20:30:16 | INFO     | Sequence found: 
 id : seq001 
 header : organism=E_coli sample=A
2026-10-03 20:30:16 | INFO     | Sequence found: 
 id : seq002 
 header : organism=Human sample=B
2026-10-03 20:30:16 | INFO     | Sequence found: 
 id : seq003 
 header : organism=Human sample=B
2026-10-03 20:30:44 | INFO     | BioForge started
2026-10-03 20:30:44 | INFO     | Sequence found: 
 id : seq001 
 header : organism=E_coli sample=A
2026-10-03 20:30:44 | INFO     | Sequence found: 
 id : seq002 
 header : organism=Human sample=B
2026-10-03 20:30:44 | INFO     | Sequence found: 
 id : seq003 
 header : organism=Human sample=B
2026-10-03 20:32:55 | INFO     | BioForge started
2026-10-03 20:32:55 | INFO     | Sequence found: 
 id : seq001 
 header : organism=E_coli sample=A
2026-10-03 20:32:55 | INFO     | Sequence found: 
 id : seq002 
 header : organism=Human sample=B
2026-10-03 20:32:55 | INFO     | Sequence found: 
 id : seq003 
 header : organism=Human sample=B
2026-10-03 20:33:26 | INFO     | BioForge started
2026-10-03 20:33:26 | INFO     | Sequence found: 
 id : seq001 
 header : organism=E_coli sample=A
2026-10-03 20:33:26 | INFO     | Sequence found: 
 id : seq002 
 header : organism=Human sample=B
2026-10-03 20:33:26 | INFO     | Sequence found: 
 id : seq003 
 header : organism=Human sample=B
2026-10-03 20:33:55 | INFO     | BioForge started
2026-10-03 20:33:55 | INFO     | Sequence found: 
 id : seq001 
 header : organism=E_coli sample=A
2026-10-03 20:33:55 | INFO     | Sequence found: 
 id : seq002 
 header : organism=Human sample=B
2026-10-03 20:33:55 | INFO     | Sequence found: 
 id : seq003 
 header : organism=Human sample=B
2026-10-03 20:34:55 | INFO     | BioForge started
2026-10-03 20:34:55 | INFO     | Sequence found: 
 id : seq001 
 header : organism=E_coli sample=A
2026-10-03 20:34:55 | INFO     | Sequence found: 
 id : seq002 
 header : organism=Human sample=B
2026-10-03 20:34:55 | INFO     | Sequence found: 
 id : seq003 
 header : organism=Human sample=B
2026-10-03 20:35:47 | INFO     | BioForge started
2026-10-03 20:35:47 | INFO     | Sequence found: 
 id : seq001 
 header : organism=E_coli sample=A
2026-10-03 20:35:47 | INFO     | Sequence found: 
 id : seq002 
 header : organism=Human sample=B
2026-10-03 20:35:47 | INFO     | Sequence found: 
 id : seq003 
 header : organism=Human sample=B
2026-10-03 20:36:11 | INFO     | BioForge started
2026-10-03 20:36:11 | INFO     | Sequence found: 
 id : seq001 
 header : organism=E_coli sample=A
2026-10-03 20:36:11 | INFO     | Sequence found: 
 id : seq002 
 header : organism=Human sample=B
2026-10-03 20:36:11 | INFO     | Sequence found: 
 id : seq003 
 header : organism=Human sample=B
2026-10-03 20:39:44 | INFO     | BioForge started
2026-10-03 20:39:44 | INFO     | Sequence found: 
 id : seq001 
 header : organism=E_coli sample=A
2026-10-03 20:39:44 | INFO     | Sequence found: 
 id : seq002 
 header : organism=Human sample=B
2026-10-03 20:39:44 | INFO     | Sequence found: 
 id : seq003 
 header : organism=Human sample=B
2026-10-03 20:40:35 | INFO     | BioForge started
2026-10-03 20:40:35 | INFO     | Sequence found: 
 id : seq001 
 header : organism=E_coli sample=A
2026-10-03 20:40:35 | INFO     | Sequence found: 
 id : seq002 
 header : organism=Human sample=B
2026-10-03 20:40:35 | INFO     | Sequence found: 
 id : seq003 
 header : organism=Human sample=B
2026-10-03 20:41:26 | INFO     | BioForge started
2026-10-03 20:41:26 | INFO     | Sequence found: 
 id : seq001 
 header : organism=E_coli sample=A
2026-10-03 20:41:26 | INFO     | Sequence found: 
 id : seq002 
 header : organism=Human sample=B
2026-10-03 20:41:26 | INFO     | Sequence found: 
 id : seq003 
 header : organism=Human sample=B
2026-10-03 20:43:26 | INFO     | BioForge started
2026-10-03 20:43:26 | INFO     | Sequence found: 
 id : seq001 
 header : organism=E_coli sample=A
2026-10-03 20:43:26 | INFO     | Sequence found: 
 id : seq002 
 header : organism=Human sample=B
2026-10-03 20:43:26 | INFO     | Sequence found: 
 id : seq003 
 header : organism=Human sample=B
2026-10-03 20:43:52 | INFO     | BioForge started
2026-10-03 20:43:52 | INFO     | Sequence found: 
 id : seq001 
 header : organism=E_coli sample=A
2026-10-03 20:43:52 | INFO     | Sequence found: 
 id : seq002 
 header : organism=Human sample=B
2026-10-03 20:43:52 | INFO     | Sequence found: 
 id : seq003 
 header : organism=Human sample=B
2026-10-03 20:44:41 | INFO     | BioForge started
2026-10-03 20:44:41 | INFO     | Sequence found: 
 id : seq001 
 header : organism=E_coli sample=A
2026-10-03 20:44:41 | INFO     | Sequence found: 
 id : seq002 
 header : organism=Human sample=B
2026-10-03 20:44:41 | INFO     | Sequence found: 
 id : seq003 
 header : organism=Human sample=B
2026-10-03 20:45:27 | INFO     | BioForge started
2026-10-03 20:45:27 | INFO     | Sequence found: 
 id : seq001 
 header : organism=E_coli sample=A
2026-10-03 20:45:27 | INFO     | Sequence found: 
 id : seq002 
 header : organism=Human sample=B
2026-10-03 20:45:27 | INFO     | Sequence found: 
 id : seq003 
 header : organism=Human sample=B
2026-10-03 20:45:40 | INFO     | BioForge started
2026-10-03 20:45:40 | INFO     | Sequence found: 
 id : seq001 
 header : organism=E_coli sample=A
2026-10-03 20:45:40 | INFO     | Sequence found: 
 id : seq002 
 header : organism=Human sample=B
2026-10-03 20:45:40 | INFO     | Sequence found: 
 id : seq003 
 header : organism=Human sample=B
2026-10-03 20:47:02 | INFO     | BioForge started
2026-10-03 20:47:02 | INFO     | Sequence found: 
 id : seq001 
 header : organism=E_coli sample=A
2026-10-03 20:47:02 | INFO     | Sequence found: 
 id : seq002 
 header : organism=Human sample=B
2026-10-03 20:47:02 | INFO     | Sequence found: 
 id : seq003 
 header : organism=Human sample=B
2026-10-03 20:49:25 | INFO     | BioForge started
2026-10-03 20:49:25 | INFO     | Sequence found: 
 id : seq001 
 header : organism=E_coli sample=A
2026-10-03 20:49:25 | INFO     | Sequence found: 
 id : seq002 
 header : organism=Human sample=B
2026-10-03 20:49:25 | INFO     | Sequence found: 
 id : seq003 
 header : organism=Human sample=B
2026-10-03 20:49:45 | INFO     | BioForge started
2026-10-03 20:49:45 | INFO     | Sequence found: 
 id : seq001 
 header : organism=E_coli sample=A
2026-10-03 20:49:45 | INFO     | Sequence found: 
 id : seq002 
 header : organism=Human sample=B
2026-10-03 20:49:45 | INFO     | Sequence found: 
 id : seq003 
 header : organism=Human sample=B
2026-10-03 20:50:09 | INFO     | BioForge started
2026-10-03 20:50:09 | INFO     | Sequence found: 
 id : seq001 
 header : organism=E_coli sample=A
2026-10-03 20:50:09 | INFO     | Sequence found: 
 id : seq002 
 header : organism=Human sample=B
2026-10-03 20:50:09 | INFO     | Sequence found: 
 id : seq003 
 header : organism=Human sample=B
2026-10-03 20:51:07 | INFO     | BioForge started
2026-10-03 20:51:07 | INFO     | Sequence found: 
 id : seq001 
 header : organism=E_coli sample=A
2026-10-03 20:51:07 | INFO     | Sequence found: 
 id : seq002 
 header : organism=Human sample=B
2026-10-03 20:51:07 | INFO     | Sequence found: 
 id : seq003 
 header : organism=Human sample=B
2026-10-03 20:52:37 | INFO     | BioForge started
2026-10-03 20:52:37 | INFO     | Sequence found: 
 id : seq001 
 header : organism=E_coli sample=A
2026-10-03 20:52:37 | INFO     | Sequence found: 
 id : seq002 
 header : organism=Human sample=B
2026-10-03 20:52:37 | INFO     | Sequence found: 
 id : seq003 
 header : organism=Human sample=B
2026-10-03 20:54:20 | INFO     | BioForge started
2026-10-03 20:54:20 | INFO     | Sequence found: 
 id : seq001 
 header : organism=E_coli sample=A
2026-10-03 20:54:20 | INFO     | Sequence found: 
 id : seq002 
 header : organism=Human sample=B
2026-10-03 20:54:20 | INFO     | Sequence found: 
 id : seq003 
 header : organism=Human sample=B
2026-10-03 20:54:39 | INFO     | BioForge started
2026-10-03 20:54:39 | INFO     | Sequence found: 
 id : seq001 
 header : organism=E_coli sample=A
2026-10-03 20:54:39 | INFO     | Sequence found: 
 id : seq002 
 header : organism=Human sample=B
2026-10-03 20:54:39 | INFO     | Sequence found: 
 id : seq003 
 header : organism=Human sample=B
2026-10-03 20:55:28 | INFO     | BioForge started
2026-10-03 20:55:28 | INFO     | Sequence found: 
 id : seq001 
 header : organism=E_coli sample=A
2026-10-03 20:55:28 | INFO     | Sequence found: 
 id : seq002 
 header : organism=Human sample=B
2026-10-03 20:55:28 | INFO     | Sequence found: 
 id : seq003 
 header : organism=Human sample=B
2026-10-03 20:56:01 | INFO     | BioForge started
2026-10-03 20:56:01 | INFO     | Sequence found: 
 id : seq001 
 header : organism=E_coli sample=A
2026-10-03 20:56:01 | INFO     | Sequence found: 
 id : seq002 
 header : organism=Human sample=B
2026-10-03 20:56:01 | INFO     | Sequence found: 
 id : seq003 
 header : organism=Human sample=B
2026-10-03 20:57:06 | INFO     | BioForge started
2026-10-03 20:57:06 | INFO     | Sequence found: 
 id : seq001 
 header : organism=E_coli sample=A
2026-10-03 20:57:06 | INFO     | Sequence found: 
 id : seq002 
 header : organism=Human sample=B
2026-10-03 20:57:06 | INFO     | Sequence found: 
 id : seq003 
 header : organism=Human sample=B
2026-10-03 20:59:52 | INFO     | BioForge started
2026-10-03 20:59:52 | INFO     | Sequence found: 
 id : seq001 
 header : organism=E_coli sample=A
2026-10-03 20:59:52 | INFO     | Sequence found: 
 id : seq002 
 header : organism=Human sample=B
2026-10-03 20:59:52 | INFO     | Sequence found: 
 id : seq003 
 header : organism=Human sample=B
2026-10-03 21:00:41 | INFO     | BioForge started
2026-10-03 21:00:41 | INFO     | Sequence found: 
 id : seq001 
 header : organism=E_coli sample=A
2026-10-03 21:00:41 | INFO     | Sequence found: 
 id : seq002 
 header : organism=Human sample=B
2026-10-03 21:00:41 | INFO     | Sequence found: 
 id : seq003 
 header : organism=Human sample=B
2026-10-03 21:01:43 | INFO     | BioForge started
2026-10-03 21:01:43 | INFO     | Sequence found: 
 id : seq001 
 header : organism=E_coli sample=A
2026-10-03 21:01:43 | INFO     | Sequence found: 
 id : seq002 
 header : organism=Human sample=B
2026-10-03 21:01:43 | INFO     | Sequence found: 
 id : seq003 
 header : organism=Human sample=B
2026-10-03 21:02:24 | INFO     | BioForge started
2026-10-03 21:02:24 | INFO     | Sequence found: 
 id : seq001 
 header : organism=E_coli sample=A
2026-10-03 21:02:24 | INFO     | Sequence found: 
 id : seq002 
 header : organism=Human sample=B
2026-10-03 21:02:24 | INFO     | Sequence found: 
 id : seq003 
 header : organism=Human sample=B
2026-10-03 21:03:14 | INFO     | BioForge started
2026-10-03 21:03:14 | INFO     | Sequence found: 
 id : seq001 
 header : organism=E_coli sample=A
2026-10-03 21:03:14 | INFO     | Sequence found: 
 id : seq002 
 header : organism=Human sample=B
2026-10-03 21:03:14 | INFO     | Sequence found: 
 id : seq003 
 header : organism=Human sample=B
2026-10-03 21:03:49 | INFO     | BioForge started
2026-10-03 21:03:49 | INFO     | Sequence found: 
 id : seq001 
 header : organism=E_coli sample=A
2026-10-03 21:03:49 | INFO     | Sequence found: 
 id : seq002 
 header : organism=Human sample=B
2026-10-03 21:03:49 | INFO     | Sequence found: 
 id : seq003 
 header : organism=Human sample=B
2026-10-03 21:05:01 | INFO     | BioForge started
2026-10-03 21:05:01 | INFO     | Sequence found: 
 id : seq001 
 header : organism=E_coli sample=A
2026-10-03 21:05:01 | INFO     | Sequence found: 
 id : seq002 
 header : organism=Human sample=B
2026-10-03 21:05:01 | INFO     | Sequence found: 
 id : seq003 
 header : organism=Human sample=B
2026-10-03 21:07:26 | INFO     | BioForge started
2026-10-03 21:07:26 | INFO     | Sequence found: 
 id : seq001 
 header : organism=E_coli sample=A
2026-10-03 21:07:26 | INFO     | Sequence found: 
 id : seq002 
 header : organism=Human sample=B
2026-10-03 21:07:26 | INFO     | Sequence found: 
 id : seq003 
 header : organism=Human sample=B
2026-10-03 21:42:42 | INFO     | BioForge started
2026-10-03 21:42:42 | INFO     | Sequence found: 
 id : seq001 
 header : organism=E_coli sample=A
2026-10-03 21:42:42 | INFO     | Sequence found: 
 id : seq002 
 header : organism=Human sample=B
2026-10-03 21:42:42 | INFO     | Sequence found: 
 id : seq003 
 header : organism=Human sample=B
2026-10-03 22:05:39 | INFO     | BioForge started
2026-10-03 22:05:39 | INFO     | Sequence found: 
 id : seq001 
 header : organism=E_coli sample=A
2026-10-03 22:05:39 | INFO     | Sequence found: 
 id : seq002 
 header : organism=Human sample=B
2026-10-03 22:05:39 | INFO     | Sequence found: 
 id : seq003 
 header : organism=Human sample=B
2026-10-04 07:25:40 | INFO     | BioForge started
2026-10-04 07:25:40 | INFO     | Sequence found: 
 id : seq001 
 header : organism=E_coli sample=A
2026-10-04 07:25:40 | INFO     | Sequence found: 
 id : seq002 
 header : organism=Human sample=B
2026-10-04 07:25:40 | INFO     | Sequence found: 
 id : seq003 
 header : organism=Human sample=B
2026-10-04 07:26:56 | INFO     | BioForge started
2026-10-04 07:26:56 | INFO     | Sequence found: 
 id : seq001 
 header : organism=E_coli sample=A
2026-10-04 07:26:56 | INFO     | Sequence found: 
 id : seq002 
 header : organism=Human sample=B
2026-10-04 07:26:56 | INFO     | Sequence found: 
 id : seq003 
 header : organism=Human sample=B
2026-10-04 07:27:29 | INFO     | BioForge started
2026-10-04 07:27:29 | INFO     | Sequence found: 
 id : seq001 
 header : organism=E_coli sample=A
2026-10-04 07:27:29 | INFO     | Sequence found: 
 id : seq002 
 header : organism=Human sample=B
2026-10-04 07:27:29 | INFO     | Sequence found: 
 id : seq003 
 header : organism=Human sample=B
2026-10-04 07:32:43 | INFO     | BioForge started
2026-10-04 07:32:43 | INFO     | Sequence found: 
 id : seq001 
 header : organism=E_coli sample=A
2026-10-04 07:32:43 | INFO     | Sequence found: 
 id : seq002 
 header : organism=Human sample=B
2026-10-04 07:32:43 | INFO     | Sequence found: 
 id : seq003 
 header : organism=Human sample=B
2026-10-04 07:34:05 | INFO     | BioForge started
2026-10-04 07:34:05 | INFO     | Sequence found: 
 id : seq001 
 header : organism=E_coli sample=A
2026-10-04 07:34:05 | INFO     | Sequence found: 
 id : seq002 
 header : organism=Human sample=B
2026-10-04 07:34:05 | INFO     | Sequence found: 
 id : seq003 
 header : organism=Human sample=B
2026-10-04 07:40:48 | INFO     | BioForge started
2026-10-04 07:40:48 | INFO     | Sequence found: 
 id : seq001 
 header : organism=E_coli sample=A
2026-10-04 07:40:48 | INFO     | Sequence found: 
 id : seq002 
 header : organism=Human sample=B
2026-10-04 07:40:48 | INFO     | Sequence found: 
 id : seq003 
 header : organism=Human sample=B
2026-10-04 08:45:13 | INFO     | BioForge started
2026-10-04 08:45:13 | INFO     | Sequence found: 
 id : seq001 
 header : organism=E_coli sample=A
2026-10-04 08:45:13 | INFO     | Sequence found: 
 id : seq002 
 header : organism=Human sample=B
2026-10-04 08:45:13 | INFO     | Sequence found: 
 id : seq003 
 header : organism=Human sample=B
2026-10-04 08:45:52 | INFO     | BioForge started
2026-10-04 08:45:52 | INFO     | Sequence found: 
 id : seq001 
 header : organism=E_coli sample=A
2026-10-04 08:45:52 | INFO     | Sequence found: 
 id : seq002 
 header : organism=Human sample=B
2026-10-04 08:45:52 | INFO     | Sequence found: 
 id : seq003 
 header : organism=Human sample=B
2026-10-04 08:46:33 | INFO     | BioForge started
2026-10-04 08:46:33 | INFO     | Sequence found: 
 id : seq001 
 header : organism=E_coli sample=A
2026-10-04 08:46:33 | INFO     | Sequence found: 
 id : seq002 
 header : organism=Human sample=B
2026-10-04 08:46:33 | INFO     | Sequence found: 
 id : seq003 
 header : organism=Human sample=B
2026-10-04 08:47:12 | INFO     | BioForge started
2026-10-04 08:47:12 | INFO     | Sequence found: 
 id : seq001 
 header : organism=E_coli sample=A
2026-10-04 08:47:12 | INFO     | Sequence found: 
 id : seq002 
 header : organism=Human sample=B
2026-10-04 08:47:12 | INFO     | Sequence found: 
 id : seq003 
 header : organism=Human sample=B
2026-10-04 09:01:13 | INFO     | BioForge started
2026-10-04 09:01:13 | INFO     | Sequence found: 
 id : seq001 
 header : organism=E_coli sample=A
2026-10-04 09:01:13 | INFO     | Sequence found: 
 id : seq002 
 header : organism=Human sample=B
2026-10-04 09:01:13 | INFO     | Sequence found: 
 id : seq003 
 header : organism=Human sample=B
2026-10-04 09:01:30 | INFO     | BioForge started
2026-10-04 09:01:30 | INFO     | Sequence found: 
 id : seq001 
 header : organism=E_coli sample=A
2026-10-04 09:01:30 | INFO     | Sequence found: 
 id : seq002 
 header : organism=Human sample=B
2026-10-04 09:01:30 | INFO     | Sequence found: 
 id : seq003 
 header : organism=Human sample=B
2026-10-04 09:08:07 | INFO     | BioForge started
2026-10-04 09:08:07 | INFO     | Sequence found: 
 id : seq001 
 header : organism=E_coli sample=A
2026-10-04 09:08:07 | INFO     | Sequence found: 
 id : seq002 
 header : organism=Human sample=B
2026-10-04 09:08:07 | INFO     | Sequence found: 
 id : seq003 
 header : organism=Human sample=B
2026-10-04 12:06:24 | INFO     | BioForge started
2026-10-04 12:06:24 | INFO     | Sequence found: 
 id : seq001 
 header : organism=E_coli sample=A
2026-10-04 12:06:24 | INFO     | Sequence found: 
 id : seq002 
 header : organism=Human sample=B
2026-10-04 12:06:24 | INFO     | Sequence found: 
 id : seq003 
 header : organism=Human sample=B
2026-10-04 12:06:38 | INFO     | BioForge started
2026-10-04 12:06:38 | INFO     | Sequence found: 
 id : seq001 
 header : organism=E_coli sample=A
2026-10-04 12:06:38 | INFO     | Sequence found: 
 id : seq002 
 header : organism=Human sample=B
2026-10-04 12:06:38 | INFO     | Sequence found: 
 id : seq003 
 header : organism=Human sample=B
2026-10-04 12:23:06 | INFO     | BioForge started
2026-10-04 12:23:06 | INFO     | Sequence found: 
 id : seq001 
 header : organism=E_coli sample=A
2026-10-04 12:23:06 | INFO     | Sequence found: 
 id : seq002 
 header : organism=Human sample=B
2026-10-04 12:23:06 | INFO     | Sequence found: 
 id : seq003 
 header : organism=Human sample=B
2026-10-04 12:23:32 | INFO     | BioForge started
2026-10-04 12:23:32 | INFO     | Sequence found: 
 id : seq001 
 header : organism=E_coli sample=A
2026-10-04 12:23:32 | INFO     | Sequence found: 
 id : seq002 
 header : organism=Human sample=B
2026-10-04 12:23:32 | INFO     | Sequence found: 
 id : seq003 
 header : organism=Human sample=B
2026-10-04 12:23:48 | INFO     | BioForge started
2026-10-04 12:23:48 | INFO     | Sequence found: 
 id : seq001 
 header : organism=E_coli sample=A
2026-10-04 12:23:48 | INFO     | Sequence found: 
 id : seq002 
 header : organism=Human sample=B
2026-10-04 12:23:48 | INFO     | Sequence found: 
 id : seq003 
 header : organism=Human sample=B
2026-10-04 12:25:59 | INFO     | BioForge started
2026-10-04 12:25:59 | INFO     | Sequence found: 
 id : seq001 
 header : organism=E_coli sample=A
2026-10-04 12:25:59 | INFO     | Sequence found: 
 id : seq002 
 header : organism=Human sample=B
2026-10-04 12:25:59 | INFO     | Sequence found: 
 id : seq003 
 header : organism=Human sample=B
2026-10-04 12:32:31 | INFO     | BioForge started
2026-10-04 12:32:31 | INFO     | Sequence found: 
 id : seq001 
 header : organism=E_coli sample=A
2026-10-04 12:32:31 | INFO     | Sequence found: 
 id : seq002 
 header : organism=Human sample=B
2026-10-04 12:32:31 | INFO     | Sequence found: 
 id : seq003 
 header : organism=Human sample=B
2026-10-04 12:33:04 | INFO     | BioForge started
2026-10-04 12:33:04 | INFO     | Sequence found: 
 id : seq001 
 header : organism=E_coli sample=A
2026-10-04 12:33:04 | INFO     | Sequence found: 
 id : seq002 
 header : organism=Human sample=B
2026-10-04 12:33:04 | INFO     | Sequence found: 
 id : seq003 
 header : organism=Human sample=B
2026-10-04 12:36:13 | INFO     | BioForge started
2026-10-04 12:36:13 | INFO     | Sequence found: 
 id : seq001 
 header : organism=E_coli sample=A
2026-10-04 12:36:13 | INFO     | Sequence found: 
 id : seq002 
 header : organism=Human sample=B
2026-10-04 12:36:13 | INFO     | Sequence found: 
 id : seq003 
 header : organism=Human sample=B
2026-10-04 12:37:42 | INFO     | BioForge started
2026-10-04 12:37:42 | INFO     | Sequence found: 
 id : seq001 
 header : organism=E_coli sample=A
2026-10-04 12:37:42 | INFO     | Sequence found: 
 id : seq002 
 header : organism=Human sample=B
2026-10-04 12:37:42 | INFO     | Sequence found: 
 id : seq003 
 header : organism=Human sample=B
2026-10-04 12:38:04 | INFO     | BioForge started
2026-10-04 12:38:04 | INFO     | Sequence found: 
 id : seq001 
 header : organism=E_coli sample=A
2026-10-04 12:38:04 | INFO     | Sequence found: 
 id : seq002 
 header : organism=Human sample=B
2026-10-04 12:38:04 | INFO     | Sequence found: 
 id : seq003 
 header : organism=Human sample=B
2026-10-04 12:39:01 | INFO     | BioForge started
2026-10-04 12:39:01 | INFO     | Sequence found: 
 id : seq001 
 header : organism=E_coli sample=A
2026-10-04 12:39:01 | INFO     | Sequence found: 
 id : seq002 
 header : organism=Human sample=B
2026-10-04 12:39:01 | INFO     | Sequence found: 
 id : seq003 
 header : organism=Human sample=B
2026-10-04 13:03:33 | INFO     | BioForge started
2026-10-04 13:03:33 | INFO     | Sequence found: 
 id : seq001 
 header : organism=E_coli sample=A
2026-10-04 13:03:33 | INFO     | Sequence found: 
 id : seq002 
 header : organism=Human sample=B
2026-10-04 13:03:33 | INFO     | Sequence found: 
 id : seq003 
 header : organism=Human sample=B
2026-10-04 13:03:44 | INFO     | BioForge started
2026-10-04 13:03:44 | INFO     | Sequence found: 
 id : seq001 
 header : organism=E_coli sample=A
2026-10-04 13:03:44 | INFO     | Sequence found: 
 id : seq002 
 header : organism=Human sample=B
2026-10-04 13:03:44 | INFO     | Sequence found: 
 id : seq003 
 header : organism=Human sample=B
2026-10-04 13:04:10 | INFO     | BioForge started
2026-10-04 13:04:10 | INFO     | Sequence found: 
 id : seq001 
 header : organism=E_coli sample=A
2026-10-04 13:04:10 | INFO     | Sequence found: 
 id : seq002 
 header : organism=Human sample=B
2026-10-04 13:04:10 | INFO     | Sequence found: 
 id : seq003 
 header : organism=Human sample=B
2026-10-04 13:05:18 | INFO     | BioForge started
2026-10-04 13:05:18 | INFO     | Sequence found: 
 id : seq001 
 header : organism=E_coli sample=A
2026-10-04 13:05:18 | INFO     | Sequence found: 
 id : seq002 
 header : organism=Human sample=B
2026-10-04 13:05:18 | INFO     | Sequence found: 
 id : seq003 
 header : organism=Human sample=B
2026-10-04 13:05:33 | INFO     | BioForge started
2026-10-04 13:05:33 | INFO     | Sequence found: 
 id : seq001 
 header : organism=E_coli sample=A
2026-10-04 13:05:33 | INFO     | Sequence found: 
 id : seq002 
 header : organism=Human sample=B
2026-10-04 13:05:33 | INFO     | Sequence found: 
 id : seq003 
 header : organism=Human sample=B
2026-10-04 13:09:05 | INFO     | BioForge started
2026-10-04 13:09:05 | INFO     | Sequence found: 
 id : seq001 
 header : organism=E_coli sample=A
2026-10-04 13:09:05 | INFO     | Sequence found: 
 id : seq002 
 header : organism=Human sample=B
2026-10-04 13:09:05 | INFO     | Sequence found: 
 id : seq003 
 header : organism=Human sample=B
2026-10-04 14:13:12 | INFO     | BioForge started
2026-10-04 14:13:12 | INFO     | Sequence found: 
 id : seq001 
 header : organism=E_coli sample=A
2026-10-04 14:13:12 | INFO     | Sequence found: 
 id : seq002 
 header : organism=Human sample=B
2026-10-04 14:13:12 | INFO     | Sequence found: 
 id : seq003 
 header : organism=Human sample=B
2026-10-04 15:18:07 | INFO     | BioForge started
2026-10-04 15:18:07 | INFO     | Data files loaded
2026-10-04 15:18:07 | INFO     | Sequence found: 
 id : seq001 
 header : organism=E_coli sample=A
2026-10-04 15:18:07 | INFO     | Sequence found: 
 id : seq002 
 header : organism=Human sample=B
2026-10-04 15:18:07 | INFO     | Sequence found: 
 id : seq003 
 header : organism=Human sample=B
2026-10-04 15:18:07 | INFO     | FASTA file loaded: Number of recoreds = 3
2026-10-04 15:18:07 | INFO     | Found 2 ORFs in seq001
2026-10-04 15:18:07 | ERROR    | BioForgeError: name 'motifs' is not defined
2026-10-04 15:18:36 | INFO     | BioForge started
2026-10-04 15:18:36 | INFO     | Data files loaded
2026-10-04 15:18:36 | INFO     | Sequence found: 
 id : seq001 
 header : organism=E_coli sample=A
2026-10-04 15:18:36 | INFO     | Sequence found: 
 id : seq002 
 header : organism=Human sample=B
2026-10-04 15:18:36 | INFO     | Sequence found: 
 id : seq003 
 header : organism=Human sample=B
2026-10-04 15:18:36 | INFO     | FASTA file loaded: Number of recoreds = 3
2026-10-04 15:18:36 | INFO     | Found 2 ORFs in seq001
2026-10-04 15:18:36 | ERROR    | BioForgeError: name 'LengthFilter' is not defined
2026-10-04 15:27:47 | INFO     | BioForge started
2026-10-04 15:27:47 | INFO     | Data files loaded
2026-10-04 15:27:47 | INFO     | Sequence found: 
 id : seq001 
 header : organism=E_coli sample=A
2026-10-04 15:27:47 | INFO     | Sequence found: 
 id : seq002 
 header : organism=Human sample=B
2026-10-04 15:27:47 | INFO     | Sequence found: 
 id : seq003 
 header : organism=Human sample=B
2026-10-04 15:27:47 | INFO     | FASTA file loaded: Number of recoreds = 3
2026-10-04 15:27:47 | INFO     | Found 2 ORFs in seq001
2026-10-04 15:27:47 | ERROR    | BioForgeError: name 'apply_filters' is not defined
2026-10-04 15:28:37 | INFO     | BioForge started
2026-10-04 15:28:37 | INFO     | Data files loaded
2026-10-04 15:28:37 | INFO     | Sequence found: 
 id : seq001 
 header : organism=E_coli sample=A
2026-10-04 15:28:37 | INFO     | Sequence found: 
 id : seq002 
 header : organism=Human sample=B
2026-10-04 15:28:37 | INFO     | Sequence found: 
 id : seq003 
 header : organism=Human sample=B
2026-10-04 15:28:37 | INFO     | FASTA file loaded: Number of recoreds = 3
2026-10-04 15:28:37 | INFO     | Found 2 ORFs in seq001
2026-10-04 15:28:37 | INFO     | Found 1 ORFs in seq002
2026-10-04 15:28:37 | INFO     | Found 4 ORFs in seq003
2026-10-04 15:28:37 | ERROR    | BioForgeError: name 'write_report' is not defined
2026-10-04 15:28:52 | INFO     | BioForge started
2026-10-04 15:28:52 | INFO     | Data files loaded
2026-10-04 15:28:52 | INFO     | Sequence found: 
 id : seq001 
 header : organism=E_coli sample=A
2026-10-04 15:28:52 | INFO     | Sequence found: 
 id : seq002 
 header : organism=Human sample=B
2026-10-04 15:28:52 | INFO     | Sequence found: 
 id : seq003 
 header : organism=Human sample=B
2026-10-04 15:28:52 | INFO     | FASTA file loaded: Number of recoreds = 3
2026-10-04 15:28:52 | INFO     | Found 2 ORFs in seq001
2026-10-04 15:28:52 | INFO     | Found 1 ORFs in seq002
2026-10-04 15:28:52 | INFO     | Found 4 ORFs in seq003
2026-10-04 15:28:52 | INFO     | Report saved to output0\report.txt
2026-10-04 16:13:47 | INFO     | BioForge started
2026-10-04 16:13:47 | INFO     | Data files loaded
2026-10-04 16:13:47 | INFO     | Sequence found: 
 id : seq001 
 header : organism=E_coli sample=A
2026-10-04 16:13:47 | INFO     | Sequence found: 
 id : seq002 
 header : organism=Human sample=B
2026-10-04 16:13:47 | INFO     | Sequence found: 
 id : seq003 
 header : organism=Human sample=B
2026-10-04 16:13:47 | INFO     | FASTA file loaded: Number of recoreds = 3
2026-10-04 16:13:47 | INFO     | Found 2 ORFs in seq001
2026-10-04 16:13:47 | INFO     | Found 1 ORFs in seq002
2026-10-04 16:13:47 | INFO     | Found 4 ORFs in seq003
2026-10-04 16:13:47 | INFO     | Report saved to output0\report.txt
2026-10-04 16:14:47 | INFO     | BioForge started
2026-10-04 16:14:47 | INFO     | Data files loaded
2026-10-04 16:14:47 | INFO     | Sequence found: 
 id : seq001 
 header : organism=E_coli sample=A
2026-10-04 16:14:47 | INFO     | Sequence found: 
 id : seq002 
 header : organism=Human sample=B
2026-10-04 16:14:47 | INFO     | Sequence found: 
 id : seq003 
 header : organism=Human sample=B
2026-10-04 16:14:47 | INFO     | FASTA file loaded: Number of recoreds = 3
2026-10-04 16:14:47 | INFO     | Found 2 ORFs in seq001
2026-10-04 16:14:47 | INFO     | Found 1 ORFs in seq002
2026-10-04 16:14:47 | INFO     | Found 4 ORFs in seq003
2026-10-04 16:14:47 | INFO     | Report saved to output0\report.txt
2026-10-04 16:15:21 | INFO     | BioForge started
2026-10-04 16:15:21 | INFO     | Data files loaded
2026-10-04 16:15:21 | INFO     | Sequence found: 
 id : seq001 
 header : organism=E_coli sample=A
2026-10-04 16:15:21 | INFO     | Sequence found: 
 id : seq002 
 header : organism=Human sample=B
2026-10-04 16:15:21 | INFO     | Sequence found: 
 id : seq003 
 header : organism=Human sample=B
2026-10-04 16:15:21 | INFO     | FASTA file loaded: Number of recoreds = 3
2026-10-04 16:15:21 | INFO     | Found 2 ORFs in seq001
2026-10-04 16:15:21 | INFO     | Found 1 ORFs in seq002
2026-10-04 16:15:21 | INFO     | Found 4 ORFs in seq003
2026-10-04 16:15:21 | INFO     | Report saved to output0\1\report.txt
2026-10-04 16:16:01 | INFO     | BioForge started
2026-10-04 16:16:01 | INFO     | Data files loaded
2026-10-04 16:16:01 | INFO     | Sequence found: 
 id : seq001 
 header : organism=E_coli sample=A
2026-10-04 16:16:01 | INFO     | Sequence found: 
 id : seq002 
 header : organism=Human sample=B
2026-10-04 16:16:01 | INFO     | Sequence found: 
 id : seq003 
 header : organism=Human sample=B
2026-10-04 16:16:01 | INFO     | FASTA file loaded: Number of recoreds = 3
2026-10-04 16:16:01 | INFO     | Found 2 ORFs in seq001
2026-10-04 16:16:01 | INFO     | Found 1 ORFs in seq002
2026-10-04 16:16:01 | INFO     | Found 4 ORFs in seq003
2026-10-04 16:16:01 | INFO     | Report saved to output0\report.txt
2026-10-04 16:37:49 | INFO     | BioForge started
2026-10-04 16:37:49 | INFO     | Data files loaded
2026-10-04 16:37:49 | INFO     | Sequence found: 
 id : seq001 
 header : organism=E_coli sample=A
2026-10-04 16:37:49 | INFO     | Sequence found: 
 id : seq002 
 header : organism=Human sample=B
2026-10-04 16:37:49 | INFO     | Sequence found: 
 id : seq003 
 header : organism=Human sample=B
2026-10-04 16:37:49 | INFO     | FASTA file loaded: Number of recoreds = 3
2026-10-04 16:37:49 | INFO     | Found 2 ORFs in seq001
2026-10-04 16:37:49 | INFO     | Found 1 ORFs in seq002
2026-10-04 16:37:49 | INFO     | Found 4 ORFs in seq003
2026-10-04 16:37:49 | INFO     | Report saved to output0\report.txt
2026-10-04 16:47:33 | INFO     | BioForge started
2026-10-04 16:47:33 | INFO     | Data files loaded
2026-10-04 16:47:33 | INFO     | Sequence found: 
 id : seq001 
 header : organism=E_coli sample=A
2026-10-04 16:47:33 | INFO     | Sequence found: 
 id : seq002 
 header : organism=Human sample=B
2026-10-04 16:47:33 | INFO     | Sequence found: 
 id : seq003 
 header : organism=Human sample=B
2026-10-04 16:47:33 | INFO     | FASTA file loaded: Number of recoreds = 3
2026-10-04 16:47:33 | INFO     | Found 2 ORFs in seq001
2026-10-04 16:47:33 | INFO     | Found 1 ORFs in seq002
2026-10-04 16:47:33 | INFO     | Found 4 ORFs in seq003
2026-10-04 16:47:33 | INFO     | Report saved to output\report.txt
